 
****************************************
Report : timing
        -path full
        -delay min
        -max_paths 1
Design : SYS_TOP
Version: K-2015.06
Date   : Wed Oct  1 16:03:57 2025
****************************************

Operating Conditions: scmetro_tsmc_cl013g_rvt_ff_1p32v_m40c   Library: scmetro_tsmc_cl013g_rvt_ff_1p32v_m40c
Wire Load Model Mode: top

  Startpoint: DATA_SYNC_UNIT/ENABLE_PULSE_reg
              (rising edge-triggered flip-flop clocked by REF_CLK)
  Endpoint: ALU_UNIT/ALU_OUT_VALID_reg
            (rising edge-triggered flip-flop clocked by ALU_CLK)
  Path Group: ALU_CLK
  Path Type: min

  Point                                                   Incr       Path
  --------------------------------------------------------------------------
  clock REF_CLK (rise edge)                               0.00       0.00
  clock network delay (ideal)                             0.00       0.00
  DATA_SYNC_UNIT/ENABLE_PULSE_reg/CK (DFFRQX2M)           0.00       0.00 r
  DATA_SYNC_UNIT/ENABLE_PULSE_reg/Q (DFFRQX2M)            0.53       0.53 f
  DATA_SYNC_UNIT/ENABLE_PULSE (DATA_SYNC_NUM_STAGES2_BUS_WIDTH8)
                                                          0.00       0.53 f
  SYS_CTRL_UNIT/RX_D_VLD (SYS_CTRL_N8_OPERAND_WIDTH8_FUN_WIDTH4_ALU_OUTPUT_WIDTH16_MEM_DEPTH16_MEM_WIDTH8_ADDR_WIDTH4_UART_DATA_WIDTH8)
                                                          0.00       0.53 f
  SYS_CTRL_UNIT/U75/Y (INVX2M)                            0.15       0.68 r
  SYS_CTRL_UNIT/U31/Y (NOR2X2M)                           0.08       0.76 f
  SYS_CTRL_UNIT/ALU_ENABLE (SYS_CTRL_N8_OPERAND_WIDTH8_FUN_WIDTH4_ALU_OUTPUT_WIDTH16_MEM_DEPTH16_MEM_WIDTH8_ADDR_WIDTH4_UART_DATA_WIDTH8)
                                                          0.00       0.76 f
  ALU_UNIT/ALU_ENABLE (ALU_N8_OPERAND_WIDTH8_FUN_WIDTH4_ALU_OUTPUT_WIDTH16)
                                                          0.00       0.76 f
  ALU_UNIT/ALU_OUT_VALID_reg/D (DFFRQX2M)                 0.00       0.76 f
  data arrival time                                                  0.76

  clock ALU_CLK (rise edge)                               0.00       0.00
  clock network delay (ideal)                             0.00       0.00
  clock uncertainty                                       0.10       0.10
  ALU_UNIT/ALU_OUT_VALID_reg/CK (DFFRQX2M)                0.00       0.10 r
  library hold time                                      -0.02       0.08
  data required time                                                 0.08
  --------------------------------------------------------------------------
  data required time                                                 0.08
  data arrival time                                                 -0.76
  --------------------------------------------------------------------------
  slack (MET)                                                        0.68


  Startpoint: SYS_CTRL_UNIT/RF_ADDR_REG_reg[1]
              (rising edge-triggered flip-flop clocked by REF_CLK)
  Endpoint: SYS_CTRL_UNIT/RF_ADDR_REG_reg[1]
            (rising edge-triggered flip-flop clocked by REF_CLK)
  Path Group: REF_CLK
  Path Type: min

  Point                                                   Incr       Path
  --------------------------------------------------------------------------
  clock REF_CLK (rise edge)                               0.00       0.00
  clock network delay (ideal)                             0.00       0.00
  SYS_CTRL_UNIT/RF_ADDR_REG_reg[1]/CK (DFFRX1M)           0.00       0.00 r
  SYS_CTRL_UNIT/RF_ADDR_REG_reg[1]/QN (DFFRX1M)           0.35       0.35 r
  SYS_CTRL_UNIT/U97/Y (OAI22X1M)                          0.09       0.44 f
  SYS_CTRL_UNIT/RF_ADDR_REG_reg[1]/D (DFFRX1M)            0.00       0.44 f
  data arrival time                                                  0.44

  clock REF_CLK (rise edge)                               0.00       0.00
  clock network delay (ideal)                             0.00       0.00
  clock uncertainty                                       0.10       0.10
  SYS_CTRL_UNIT/RF_ADDR_REG_reg[1]/CK (DFFRX1M)           0.00       0.10 r
  library hold time                                      -0.01       0.09
  data required time                                                 0.09
  --------------------------------------------------------------------------
  data required time                                                 0.09
  data arrival time                                                 -0.44
  --------------------------------------------------------------------------
  slack (MET)                                                        0.35


  Startpoint: RST_SYNC_UART_UNIT/sync_reg_reg[0]/CK
              (internal path startpoint clocked by UART_CLK)
  Endpoint: RST_SYNC_UART_UNIT/sync_reg_reg[1]
            (rising edge-triggered flip-flop clocked by UART_CLK)
  Path Group: UART_CLK
  Path Type: min

  Point                                                   Incr       Path
  --------------------------------------------------------------------------
  clock UART_CLK (rise edge)                              0.00       0.00
  clock network delay (ideal)                             0.00       0.00
  input external delay                                    0.00       0.00 r
  RST_SYNC_UART_UNIT/sync_reg_reg[0]/CK (DFFRQX2M)        0.00       0.00 r
  RST_SYNC_UART_UNIT/sync_reg_reg[0]/Q (DFFRQX2M)         0.46       0.46 f
  RST_SYNC_UART_UNIT/sync_reg_reg[1]/D (DFFRQX2M)         0.00       0.46 f
  data arrival time                                                  0.46

  clock UART_CLK (rise edge)                              0.00       0.00
  clock network delay (ideal)                             0.00       0.00
  clock uncertainty                                       0.10       0.10
  RST_SYNC_UART_UNIT/sync_reg_reg[1]/CK (DFFRQX2M)        0.00       0.10 r
  library hold time                                      -0.02       0.08
  data required time                                                 0.08
  --------------------------------------------------------------------------
  data required time                                                 0.08
  data arrival time                                                 -0.46
  --------------------------------------------------------------------------
  slack (MET)                                                        0.38


  Startpoint: UART_UNIT/UART_RX_UNIT/deserializer_UNIT/P_DATA_reg[7]
              (rising edge-triggered flip-flop clocked by UART_RX_CLK)
  Endpoint: UART_UNIT/UART_RX_UNIT/deserializer_UNIT/P_DATA_reg[6]
            (rising edge-triggered flip-flop clocked by UART_RX_CLK)
  Path Group: UART_RX_CLK
  Path Type: min

  Point                                                   Incr       Path
  --------------------------------------------------------------------------
  clock UART_RX_CLK (rise edge)                           0.00       0.00
  clock network delay (ideal)                             0.00       0.00
  UART_UNIT/UART_RX_UNIT/deserializer_UNIT/P_DATA_reg[7]/CK (DFFRX1M)
                                                          0.00       0.00 r
  UART_UNIT/UART_RX_UNIT/deserializer_UNIT/P_DATA_reg[7]/QN (DFFRX1M)
                                                          0.35       0.35 r
  UART_UNIT/UART_RX_UNIT/deserializer_UNIT/U10/Y (OAI22X1M)
                                                          0.07       0.42 f
  UART_UNIT/UART_RX_UNIT/deserializer_UNIT/P_DATA_reg[6]/D (DFFRX1M)
                                                          0.00       0.42 f
  data arrival time                                                  0.42

  clock UART_RX_CLK (rise edge)                           0.00       0.00
  clock network delay (ideal)                             0.00       0.00
  clock uncertainty                                       0.10       0.10
  UART_UNIT/UART_RX_UNIT/deserializer_UNIT/P_DATA_reg[6]/CK (DFFRX1M)
                                                          0.00       0.10 r
  library hold time                                      -0.01       0.09
  data required time                                                 0.09
  --------------------------------------------------------------------------
  data required time                                                 0.09
  data arrival time                                                 -0.42
  --------------------------------------------------------------------------
  slack (MET)                                                        0.33


  Startpoint: FIFO_UNIT/sync_w2r_UNIT/rq1_wptr_reg[0]
              (rising edge-triggered flip-flop clocked by UART_TX_CLK)
  Endpoint: FIFO_UNIT/sync_w2r_UNIT/rq2_wptr_reg[0]
            (rising edge-triggered flip-flop clocked by UART_TX_CLK)
  Path Group: UART_TX_CLK
  Path Type: min

  Point                                                   Incr       Path
  --------------------------------------------------------------------------
  clock UART_TX_CLK (rise edge)                           0.00       0.00
  clock network delay (ideal)                             0.00       0.00
  FIFO_UNIT/sync_w2r_UNIT/rq1_wptr_reg[0]/CK (DFFRQX2M)
                                                          0.00       0.00 r
  FIFO_UNIT/sync_w2r_UNIT/rq1_wptr_reg[0]/Q (DFFRQX2M)
                                                          0.46       0.46 f
  FIFO_UNIT/sync_w2r_UNIT/rq2_wptr_reg[0]/D (DFFRQX2M)
                                                          0.00       0.46 f
  data arrival time                                                  0.46

  clock UART_TX_CLK (rise edge)                           0.00       0.00
  clock network delay (ideal)                             0.00       0.00
  clock uncertainty                                       0.10       0.10
  FIFO_UNIT/sync_w2r_UNIT/rq2_wptr_reg[0]/CK (DFFRQX2M)
                                                          0.00       0.10 r
  library hold time                                      -0.02       0.08
  data required time                                                 0.08
  --------------------------------------------------------------------------
  data required time                                                 0.08
  data arrival time                                                 -0.46
  --------------------------------------------------------------------------
  slack (MET)                                                        0.38


1
